
> zuma_chambers@0.1.0 build
> next build --webpack

Γû▓ Next.js 16.2.3 (webpack)

  Creating an optimized production build ...
Γ£ô Compiled successfully in 18.9s
  Running TypeScript ...
  Finished TypeScript in 25.7s ...
  Collecting page data using 3 workers ...
  Generating static pages using 3 workers (0/25) ...
  Generating static pages using 3 workers (6/25) 
  Generating static pages using 3 workers (12/25) 
  Generating static pages using 3 workers (18/25) 
Γ£ô Generating static pages using 3 workers (25/25) in 6.2s
  Finalizing page optimization ...
  Collecting build traces ...

Route (app)
Γöî Γùï /
Γö£ Γùï /_not-found
Γö£ Γùï /about
Γö£ Γùï /attorneys
Γö£ Γùï /contact
Γö£ Γùï /dashboard
Γö£ Γùï /dashboard/audit-logs
Γö£ Γùï /dashboard/calendar
Γö£ Γùï /dashboard/calendar/daily
Γö£ Γùï /dashboard/cases
Γö£ ╞Æ /dashboard/cases/[id]
Γö£ Γùï /dashboard/cases/new
Γö£ Γùï /dashboard/clients
Γö£ ╞Æ /dashboard/clients/[id]
Γö£ Γùï /dashboard/collaboration
Γö£ Γùï /dashboard/compliance
Γö£ Γùï /dashboard/documents
Γö£ Γùï /dashboard/finance
Γö£ Γùï /dashboard/matters
Γö£ Γùï /dashboard/settings
Γö£ Γùï /dashboard/team
Γö£ Γùï /dashboard/workflow
Γö£ Γùï /insights
Γö£ Γùï /login
Γöö Γùï /practice-areas


Γùï  (Static)   prerendered as static content
╞Æ  (Dynamic)  server-rendered on demand

